// Jest Snapshot v1, https://goo.gl/fbAQLP

exports[`should render Login Page correctly 1`] = `
<div
  className="box-layout"
>
  <div
    className="box-layout__box"
  >
    <h1>
      Expensify App
    </h1>
    <p>
      It's time to get your expenses under control.
    </p>
    <div
      className="box-layout__button"
    >
      <button
        className="button"
      >
        Login With Google
      </button>
      <button
        className="button"
      >
        Login With Github
      </button>
    </div>
  </div>
</div>
`;
